Mobile Price Prediction - Lab 4 Tracking
Experiment ID: 20260930_235928
Started: 2026-09-30T23:59:28.816937

--- Running src/preprocess.py ---
Dataset shape: (2000, 21)

First 5 rows:
   battery_power  blue  clock_speed  ...  touch_screen  wifi  price_range
0            842     0          2.2  ...             0     1            1
1           1021     1          0.5  ...             1     0            2
2            563     1          0.5  ...             1     0            2
3            615     1          2.5  ...             0     0            2
4           1821     1          1.2  ...             1     0            1

[5 rows x 21 columns]

Missing values:
battery_power    0
blue             0
clock_speed      0
dual_sim         0
fc               0
four_g           0
int_memory       0
m_dep            0
mobile_wt        0
n_cores          0
pc               0
px_height        0
px_width         0
ram              0
sc_h             0
sc_w             0
talk_time        0
three_g          0
touch_screen     0
wifi             0
price_range      0
dtype: int64

Dataset information:
<class 'pandas.core.frame.DataFrame'>
RangeIndex: 2000 entries, 0 to 1999
Data columns (total 21 columns):
 #   Column         Non-Null Count  Dtype  
---  ------         --------------  -----  
 0   battery_power  2000 non-null   int64  
 1   blue           2000 non-null   int64  
 2   clock_speed    2000 non-null   float64
 3   dual_sim       2000 non-null   int64  
 4   fc             2000 non-null   int64  
 5   four_g         2000 non-null   int64  
 6   int_memory     2000 non-null   int64  
 7   m_dep          2000 non-null   float64
 8   mobile_wt      2000 non-null   int64  
 9   n_cores        2000 non-null   int64  
 10  pc             2000 non-null   int64  
 11  px_height      2000 non-null   int64  
 12  px_width       2000 non-null   int64  
 13  ram            2000 non-null   int64  
 14  sc_h           2000 non-null   int64  
 15  sc_w           2000 non-null   int64  
 16  talk_time      2000 non-null   int64  
 17  three_g        2000 non-null   int64  
 18  touch_screen   2000 non-null   int64  
 19  wifi           2000 non-null   int64  
 20  price_range    2000 non-null   int64  
dtypes: float64(2), int64(19)
memory usage: 328.3 KB
None

Training data shape: (1600, 20)
Testing data shape: (400, 20)

Preprocessing completed successfully!

--- Running src/train.py ---
Training data: (1600, 20)
Testing data: (400, 20)

Model trained successfully!
Accuracy: 0.8775

Classification Report:
              precision    recall  f1-score   support

           0       0.94      0.95      0.95       100
           1       0.81      0.84      0.82       100
           2       0.82      0.79      0.81       100
           3       0.94      0.93      0.93       100

    accuracy                           0.88       400
   macro avg       0.88      0.88      0.88       400
weighted avg       0.88      0.88      0.88       400


Model saved successfully!
Saved at: C:\Users\vecha\OneDrive\Desktop\Mobile_price_prediction\models\mobile_price_model.pkl

--- Running src/evaluate.py ---
Mobile Price Prediction - Model Evaluation
==========================================

Accuracy: 0.8775 (87.75%)

Classification Report:
              precision    recall  f1-score   support

           0       0.94      0.95      0.95       100
           1       0.81      0.84      0.82       100
           2       0.82      0.79      0.81       100
           3       0.94      0.93      0.93       100

    accuracy                           0.88       400
   macro avg       0.88      0.88      0.88       400
weighted avg       0.88      0.88      0.88       400

Confusion Matrix:
[[95  5  0  0]
 [ 6 84 10  0]
 [ 0 15 79  6]
 [ 0  0  7 93]]


Report saved to: C:\Users\vecha\OneDrive\Desktop\Mobile_price_prediction\reports\model_report.txt
Confusion matrix saved to: C:\Users\vecha\OneDrive\Desktop\Mobile_price_prediction\outputs\confusion_matrix.csv

Experiment completed successfully.
